src/app/view/workflows/(categories)/general/creatively-upscale/CreativelyUpscale.tsx(309,46): error TS2304: Cannot find name 'ImageIcon'.
src/app/view/workflows/(categories)/photography/expression-sheet/ExpressionSheet.tsx(219,21): error TS17001: JSX elements cannot have multiple attributes with the same name.
